fb_getvar.c:138:13:getvar_downloadsize	8	static
fb_getvar.c:249:13:getvar_is_userspace	8	static
fb_getvar.c:178:13:getvar_current_slot	8	static
fb_getvar.c:168:13:getvar_platform	8	static
fb_getvar.c:158:13:getvar_product	8	static
fb_getvar.c:153:13:getvar_version_baseband	8	static
fb_getvar.c:143:13:getvar_serialno	8	static
fb_getvar.c:133:13:getvar_version_bootloader	8	static
fb_getvar.c:128:13:getvar_version	8	static
fb_getvar.c:219:13:getvar_partition_type	136	static
fb_getvar.c:238:13:getvar_partition_size	136	static
fb_getvar.c:185:13:getvar_has_slot	176	static
fb_getvar.c:267:6:fastboot_getvar	104	static
