fs.c:33:19:fs_probe_unsupported	8	static
fs.c:40:19:fs_ls_unsupported	0	static
fs.c:74:19:fs_exists_unsupported	0	static
fs.c:79:19:fs_size_unsupported	0	static
fs.c:84:19:fs_read_unsupported	0	static
fs.c:103:20:fs_close_unsupported	0	static
fs.c:112:19:fs_opendir_unsupported	0	static
fs.c:299:28:fs_get_info	0	static
fs.c:91:19:fs_write_unsupported	0	static
fs.c:123:19:fs_mkdir_unsupported	0	static
fs.c:98:19:fs_ln_unsupported	0	static
fs.c:107:19:fs_uuid_unsupported	0	static
fs.c:118:19:fs_unlink_unsupported	0	static
fs.c:321:5:fs_get_type	0	static
fs.c:334:13:fs_get_type_name	8	static
fs.c:339:5:fs_set_blk_dev	40	static
fs.c:384:5:fs_set_blk_dev_with_part	24	static
fs.c:408:6:fs_close	16	static
fs.c:417:5:fs_uuid	16	static
fs.c:424:5:fs_ls	16	static
fs.c:437:5:fs_exists	16	static
fs.c:450:5:fs_size	16	static
fs.c:529:5:fs_read	40	static
fs.c:535:5:fs_write	56	static
fs.c:555:23:fs_opendir	24	static
fs.c:574:19:fs_readdir	24	static
fs.c:593:6:fs_closedir	16	static
fs.c:47:12:fs_ls_generic	32	static
fs.c:607:5:fs_unlink	16	static
fs.c:620:5:fs_mkdir	16	static
fs.c:633:5:fs_ln	24	static
fs.c:649:5:do_size	24	static
fs.c:668:5:do_load	248	static
fs.c:742:5:do_ls	16	static
fs.c:759:5:file_exists	16	static
fs.c:768:5:do_save	72	static
fs.c:810:5:do_fs_uuid	64	static
fs.c:835:5:do_fs_type	24	static
fs.c:857:5:do_rm	16	static
fs.c:872:5:do_mkdir	16	static
fs.c:892:5:do_ln	16	static
