fdt_ro.c:158:40:fdt_mem_rsv	20	static
fdt_ro.c:199:12:nextprop_	24	static
fdt_ro.c:355:35:fdt_get_property_by_offset_	16	static
fdt_ro.c:34:13:fdt_get_string	32	static
fdt_ro.c:98:13:fdt_string	8	static
fdt_ro.c:173:5:fdt_get_mem_rsv	32	static
fdt_ro.c:187:5:fdt_num_mem_rsv	24	static
fdt_ro.c:298:13:fdt_get_name	24	static
fdt_ro.c:223:5:fdt_subnode_offset_namelen	40	static
fdt_ro.c:242:5:fdt_subnode_offset	16	static
fdt_ro.c:337:5:fdt_first_property_offset	8	static
fdt_ro.c:347:5:fdt_next_property_offset	8	static
fdt_ro.c:392:35:fdt_get_property_namelen_	40	static
fdt_ro.c:376:28:fdt_get_property_by_offset	16	static
fdt_ro.c:423:28:fdt_get_property_namelen	40	static
fdt_ro.c:441:28:fdt_get_property	32	static
fdt_ro.c:449:13:fdt_getprop_namelen	32	static
fdt_ro.c:467:13:fdt_getprop_by_offset	40	static
fdt_ro.c:500:13:fdt_getprop	32	static
fdt_ro.c:506:10:fdt_get_phandle	24	static
fdt_ro.c:112:5:fdt_find_max_phandle	24	static
fdt_ro.c:140:5:fdt_generate_phandle	16	static
fdt_ro.c:523:13:fdt_get_alias_namelen	24	static
fdt_ro.c:248:5:fdt_path_offset_namelen	32	static
fdt_ro.c:293:5:fdt_path_offset	16	static
fdt_ro.c:535:13:fdt_get_alias	16	static
fdt_ro.c:540:5:fdt_get_path	48	static
fdt_ro.c:592:5:fdt_supernode_atdepth_offset	40	static
fdt_ro.c:630:5:fdt_node_depth	16	static
fdt_ro.c:641:5:fdt_parent_offset	16	static
fdt_ro.c:651:5:fdt_node_offset_by_prop_value	40	static
fdt_ro.c:678:5:fdt_node_offset_by_phandle	16	static
fdt_ro.c:703:5:fdt_stringlist_contains	24	static
fdt_ro.c:720:5:fdt_stringlist_count	24	static
fdt_ro.c:745:5:fdt_stringlist_search	40	static
fdt_ro.c:775:13:fdt_stringlist_get	32	static
fdt_ro.c:820:5:fdt_node_check_compatible	16	static
fdt_ro.c:833:5:fdt_node_offset_by_compatible	24	static
fdt_ro.c:859:5:fdt_check_full	40	static
