fdt_sw.c:13:12:fdt_sw_probe_	0	static
fdt_sw.c:97:14:fdt_grab_space_	32	static
fdt_sw.c:249:12:fdt_add_string_	48	static
fdt_sw.c:64:12:fdt_sw_probe_struct_	16	static
fdt_sw.c:112:5:fdt_create_with_flags	24	static
fdt_sw.c:146:5:fdt_create	8	static
fdt_sw.c:151:5:fdt_resize	40	static
fdt_sw.c:187:5:fdt_add_reservemap_entry	48	static
fdt_sw.c:207:5:fdt_finish_reservemap	24	static
fdt_sw.c:218:5:fdt_begin_node	24	static
fdt_sw.c:235:5:fdt_end_node	16	static
fdt_sw.c:292:5:fdt_property_placeholder	40	static
fdt_sw.c:324:5:fdt_property	24	static
fdt_sw.c:336:5:fdt_finish	40	static
