mmc-uclass.c:426:12:mmc_blk_probe	8	static
mmc-uclass.c:55:5:dm_mmc_set_ios	8	static
mmc-uclass.c:64:5:mmc_set_ios	8	static
mmc-uclass.c:69:5:dm_mmc_wait_dat0	8	static
mmc-uclass.c:78:5:mmc_wait_dat0	8	static
mmc-uclass.c:83:5:dm_mmc_get_wp	8	static
mmc-uclass.c:92:5:mmc_getwp	8	static
mmc-uclass.c:97:5:dm_mmc_get_cd	8	static
mmc-uclass.c:106:5:mmc_getcd	8	static
mmc-uclass.c:144:5:dm_mmc_host_power_cycle	8	static
mmc-uclass.c:153:5:mmc_host_power_cycle	8	static
mmc-uclass.c:158:5:dm_mmc_deferred_probe	8	static
mmc-uclass.c:168:5:mmc_deferred_probe	8	static
mmc-uclass.c:173:5:mmc_of_parse	16	static
mmc-uclass.c:243:13:mmc_get_mmc_dev	8	static
mmc-uclass.c:17:5:dm_mmc_get_b_max	24	static
mmc-uclass.c:28:5:mmc_get_b_max	8	static
mmc-uclass.c:33:5:dm_mmc_send_cmd	24	static
mmc-uclass.c:50:5:mmc_send_cmd	8	static
mmc-uclass.c:406:12:mmc_select_hwpart	24	static
mmc-uclass.c:254:13:find_mmc_device	24	static
mmc-uclass.c:275:5:get_mmc_num	8	static
mmc-uclass.c:280:5:mmc_get_next_devnum	8	static
mmc-uclass.c:285:18:mmc_get_blk_desc	16	static
mmc-uclass.c:298:6:mmc_do_preinit	24	static
mmc-uclass.c:321:6:print_mmc_devices	32	static
mmc-uclass.c:354:5:mmc_bind	56	static
mmc-uclass.c:393:5:mmc_unbind	16	static
