mmc.c:648:12:mmc_send_op_cond_iter	48	static
mmc.c:485:12:mmc_go_idle	48	static
mmc.c:967:12:mmc_set_capacity	24	static
mmc.c:135:13:mmc_mode_name	0	static
mmc.c:209:5:mmc_send_status	56	static
mmc.c:765:12:__mmc_switch.constprop	56	static
mmc.c:231:5:mmc_poll_for_busy	32	static
mmc.c:273:5:mmc_set_blocklen	56	static
mmc.c:427:7:mmc_bread	88	static
mmc.c:744:5:mmc_send_ext_csd	56	static
mmc.c:1829:12:mmc_read_and_compare_ext_csd	560	static
mmc.c:842:12:mmc_set_card_speed.constprop	568	static
mmc.c:831:5:mmc_switch	16	static
mmc.c:2199:12:mmc_startup_v4	592	static
mmc.c:836:5:mmc_boot_wp	8	static
mmc.c:995:5:mmc_switch_part	32	static
mmc.c:1020:5:mmc_hwpart_config	624	static
mmc.c:1599:5:mmc_set_clock	16	static
mmc.c:2405:12:mmc_startup	336	static
mmc.c:1630:6:mmc_dump_capabilities	0	static
mmc.c:2779:5:mmc_get_op_cond	64	static
mmc.c:2863:5:mmc_start_init	16	static
mmc.c:2919:5:mmc_init	24	static
mmc.c:2970:5:mmc_set_dsr	0	static
mmc.c:2977:12:cpu_mmc_init	0	static
mmc.c:2983:12:board_mmc_init	0	static
mmc.c:2988:6:mmc_set_preinit	0	static
mmc.c:3032:5:mmc_initialize	24	static
mmc.c:3058:5:mmc_init_device	24	static
