log.h:457:19:log_init	0	static
board_f.c:137:12:display_text_info	0	static
board_f.c:274:12:setup_mon_len	4	static
board_f.c:385:12:reserve_round_4k	4	static
board_f.c:432:12:reserve_uboot	4	static
board_f.c:854:12:checkcpu	0	static
board_f.c:243:12:dram_init_banksize	16	static
board_f.c:718:12:setup_reloc	8	static
board_f.c:667:12:reloc_fdt	8	static
board_f.c:502:12:reserve_board	8	static
board_f.c:209:12:announce_dram_init	8	static
board_f.c:131:12:init_baud_rate	16	static
board_f.c:823:12:initf_dm	8	static
board_f.c:789:12:initf_bootstage	8	static
board_f.c:859:12:clear_bss	0	static
board_f.c:291:12:setup_spl_handoff	0	static
board_f.c:302:12:arch_cpu_init	0	static
board_f.c:307:12:mach_cpu_init	0	static
board_f.c:391:12:arch_reserve_mmu	0	static
board_f.c:396:12:reserve_video	0	static
board_f.c:420:12:reserve_trace	0	static
board_f.c:514:12:setup_machine	0	static
board_f.c:552:12:reserve_bootstage	0	static
board_f.c:583:12:reserve_bloblist	0	static
board_f.c:593:12:display_new_sp	0	static
board_f.c:681:12:reloc_bootstage	0	static
board_f.c:700:12:reloc_bloblist	0	static
board_f.c:814:12:initf_console_record	0	static
board_f.c:844:12:reserve_arch	0	static
board_f.c:849:12:arch_cpu_init_dm	0	static
board_f.c:489:12:reserve_malloc	4	static
board_f.c:522:12:reserve_global_data	4	static
board_f.c:531:12:reserve_fdt	12	static
board_f.c:81:13:coloured_LED_init	0	static
board_f.c:82:13:red_led_on	0	static
board_f.c:83:13:red_led_off	0	static
board_f.c:84:13:green_led_on	0	static
board_f.c:85:13:green_led_off	0	static
board_f.c:86:13:yellow_led_on	0	static
board_f.c:87:13:yellow_led_off	0	static
board_f.c:88:13:blue_led_on	0	static
board_f.c:89:13:blue_led_off	0	static
board_f.c:126:13:board_add_ram_info	0	static
board_f.c:215:12:show_dram_config	16	static
board_f.c:313:14:board_get_usable_ram_top	4	static
board_f.c:330:12:setup_dest_addr	16	static
board_f.c:566:12:arch_reserve_stacks	0	static
board_f.c:571:12:reserve_stacks	8	static
board_f.c:1006:6:board_init_f	24	static
