log.h:457:19:log_init	0	static
board_r.c:104:12:initr_trace	0	static
board_r.c:113:12:initr_reloc	4	static
board_r.c:139:12:initr_reloc_global_data	4	static
board_r.c:652:12:run_main_loop	8	static
board_r.c:518:12:initr_jumptable	8	static
board_r.c:488:12:initr_env	16	static
board_r.c:457:12:initr_mmc	8	static
board_r.c:190:12:initr_serial	8	static
board_r.c:367:12:initr_binman	8	static
board_r.c:307:12:initr_dm	8	static
board_r.c:340:12:initr_bootstage	8	static
board_r.c:255:12:initr_malloc	8	static
board_r.c:126:12:initr_caches	8	static
board_r.c:352:12:initr_announce	0	static
board_r.c:246:12:initr_barrier	0	static
board_r.c:274:12:initr_console_record	0	static
board_r.c:327:12:initr_dm_devices	0	static
board_r.c:347:12:power_init_board	0	static
board_r.c:76:12:board_flash_wp_on	0	static
board_r.c:86:13:cpu_secondary_init_r	0	static
board_r.c:90:12:initr_secondary_cpu	8	static
board_r.c:134:12:fixup_cpu	0	static
board_r.c:865:6:board_init_r	24	static
