cli_hush.c:894:13:b_reset	0	static
cli_hush.c:933:12:static_get	0	static
cli_hush.c:940:12:static_peek	0	static
cli_hush.c:3150:13:mapset	0	static
cli_hush.c:379:13:syntax_err	8	static
cli_hush.c:2001:12:free_pipe_list	32	static
cli_hush.c:3333:14:xmalloc	8	static
cli_hush.c:2342:21:new_pipe	8	static
cli_hush.c:3344:14:xrealloc	8	static
cli_hush.c:2541:12:done_command	24	static
cli_hush.c:2590:12:done_pipe	16	static
cli_hush.c:2450:12:done_word	32	static
cli_hush.c:2280:12:is_assignment	8	static
cli_hush.c:1092:12:file_get	32	static
cli_hush.c:3667:12:do_showvar	40	static
cli_hush.c:884:12:b_addchr	24	static
cli_hush.c:912:12:b_addqchr	16	static
cli_hush.c:1135:12:file_peek	0	static
cli_hush.c:2137:7:get_local_var	16	static
cli_hush.c:2159:5:set_local_var	32	static
cli_hush.c:3523:14:insert_var_value_sub	48	static
cli_hush.c:2250:6:unset_local_var	24	static
cli_hush.c:3258:5:parse_string_outer	48	static
cli_hush.c:1762:12:run_list_real	88	static
cli_hush.c:3184:12:parse_stream_outer	104	static
cli_hush.c:3289:5:parse_file_outer	32	static
cli_hush.c:3317:5:u_boot_hush_start	16	static
