console.c:197:12:console_tstc	32	static
console.c:220:13:console_putc	24	static
console.c:244:13:console_puts	24	static
console.c:449:13:pre_console_putc	4	static
console.c:26:12:on_console	24	static
console.c:299:5:serial_printf	1048	static
console.c:187:12:console_getc.isra.0	16	static
console.c:502:6:putc	16	static
console.c:419:5:tstc	8	static
console.c:391:5:getc	8	static
console.c:550:6:puts	16	static
console.c:466:13:print_pre_console_buffer	4128	static
console.c:317:5:fgetc	16	static
console.c:350:5:ftstc	8	static
console.c:358:6:fputc	8	static
console.c:364:6:fputs	8	static
console.c:370:5:fprintf	1052	static
console.c:644:5:ctrlc	8	static
console.c:663:5:confirm_yesno	32	static
console.c:690:5:disable_ctrlc	0	static
console.c:698:5:had_ctrlc	0	static
console.c:703:6:clear_ctrlc	0	static
console.c:710:19:search_device	16	static
console.c:726:5:console_assign	16	static
console.c:772:5:console_announce_r	0	static
console.c:786:5:console_init_f	8	static
console.c:797:6:stdio_print_current_devices	16	static
console.c:824:5:console_init_r	32	static
