fdt_support.c:1071:12:of_bus_default_map	48	static
fdt_support.c:1602:12:fdt_read_prop	16	static
fdt_support.c:390:12:fdt_pack_reg	56	static
fdt_support.c:1087:12:of_bus_default_translate	40	static
fdt_support.c:1054:6:fdt_support_default_count_cells	24	static
fdt_support.c:1257:12:__of_translate_address	104	static
fdt_support.c:35:5:fdt_getprop_u32_default_node	16	static
fdt_support.c:65:5:fdt_getprop_u32_default	24	static
fdt_support.c:89:5:fdt_find_and_setprop	32	static
fdt_support.c:113:5:fdt_find_or_add_subnode	24	static
fdt_support.c:191:5:fdt_root	24	static
fdt_support.c:217:5:fdt_initrd	64	static
fdt_support.c:277:5:fdt_chosen	32	static
fdt_support.c:308:6:do_fixup_by_path	24	static
fdt_support.c:324:6:do_fixup_by_path_u32	32	static
fdt_support.c:331:6:do_fixup_by_prop	40	static
fdt_support.c:352:6:do_fixup_by_prop_u32	48	static
fdt_support.c:360:6:do_fixup_by_compat	40	static
fdt_support.c:379:6:do_fixup_by_compat_u32	32	static
fdt_support.c:420:5:fdt_fixup_memory_banks	104	static
fdt_support.c:473:5:fdt_set_usable_memory	168	static
fdt_support.c:509:5:fdt_fixup_memory	16	static
fdt_support.c:514:6:fdt_fixup_ethernet	72	static
fdt_support.c:592:5:fdt_record_loadable	40	static
fdt_support.c:632:5:fdt_shrink_to_minimum	48	static
fdt_support.c:752:5:fdt_increase_size	16	static
fdt_support.c:980:6:fdt_del_node_and_alias	16	static
fdt_support.c:1330:5:fdt_translate_address	8	static
fdt_support.c:1336:5:fdt_translate_dma_address	8	static
fdt_support.c:1351:5:fdt_node_offset_by_compat_reg	32	static
fdt_support.c:1372:5:fdt_alloc_phandle	16	static
fdt_support.c:1392:5:fdt_set_phandle	40	static
fdt_support.c:1431:14:fdt_create_phandle	16	static
fdt_support.c:1461:5:fdt_set_node_status	48	static
fdt_support.c:1502:5:fdt_set_status_by_alias	16	static
fdt_support.c:1548:5:fdt_verify_alias_address	56	static
fdt_support.c:1589:5:fdt_get_base_address	24	static
fdt_support.c:1638:5:fdt_read_range	64	static
fdt_support.c:1706:5:fdt_setup_simplefb_node	104	static
fdt_support.c:1759:5:fdt_fixup_display	48	static
fdt_support.c:1794:5:fdt_overlay_apply_verbose	16	static
