hash.c:140:12:hash_finish_crc32	8	static
hash.c:114:12:hash_finish_crc16_ccitt	8	static
hash.c:133:12:hash_update_crc32	8	static
hash.c:125:12:hash_init_crc32	8	static
hash.c:98:12:hash_init_crc16_ccitt	8	static
hash.c:106:12:hash_update_crc16_ccitt	8	static
hash.c:86:12:hash_finish_sha256	8	static
hash.c:79:12:hash_update_sha256	8	static
hash.c:71:12:hash_init_sha256	16	static
hash.c:58:12:hash_finish_sha1	8	static
hash.c:51:12:hash_update_sha1	8	static
hash.c:43:12:hash_init_sha1	16	static
hash.c:246:5:hash_lookup_algo	32	static
hash.c:263:5:hash_progressive_lookup_algo	24	static
hash.c:284:5:hash_parse_string	32	static
hash.c:304:5:hash_block	40	static
hash.c:448:5:hash_command	104	static
