image-fit.c:780:12:fit_image_get_address	24	static
image-fit.c:81:5:fit_parse_conf	32	static
image-fit.c:107:5:fit_parse_subimage	32	static
image-fit.c:130:5:fit_get_subimage_count	24	static
image-fit.c:572:5:fit_get_desc	24	static
image-fit.c:600:5:fit_get_timestamp	24	static
image-fit.c:632:5:fit_image_get_node	16	static
image-fit.c:666:5:fit_image_get_os	24	static
image-fit.c:698:5:fit_image_get_arch	24	static
image-fit.c:730:5:fit_image_get_type	24	static
image-fit.c:762:5:fit_image_get_comp	24	static
image-fit.c:821:5:fit_image_get_load	8	static
image-fit.c:843:5:fit_image_get_entry	8	static
image-fit.c:863:5:fit_image_get_data	24	static
image-fit.c:890:5:fit_image_get_data_offset	16	static
image-fit.c:914:5:fit_image_get_data_position	16	static
image-fit.c:939:5:fit_image_get_data_size	16	static
image-fit.c:963:5:fit_image_get_data_size_unciphered	16	static
image-fit.c:993:5:fit_image_get_data_and_size	32	static
image-fit.c:1040:5:fit_image_hash_get_algo	24	static
image-fit.c:1068:5:fit_image_hash_get_value	24	static
image-fit.c:165:13:fit_image_print_data	48	static
image-fit.c:232:13:fit_image_print_verification_data	24	static
image-fit.c:450:6:fit_image_print	56	static
image-fit.c:346:6:fit_print_contents	56	static
image-fit.c:1126:5:fit_image_cipher_get_algo	8	static
image-fit.c:1139:7:fit_get_end	8	static
image-fit.c:1157:5:fit_set_timestamp	32	static
image-fit.c:1193:5:calculate_hash	32	static
image-fit.c:1267:5:fit_image_verify_with_data	96	static
image-fit.c:1344:5:fit_image_verify	32	static
image-fit.c:1374:5:fit_all_image_verify	32	static
image-fit.c:1452:5:fit_image_check_os	24	static
image-fit.c:1474:5:fit_image_check_arch	24	static
image-fit.c:1504:5:fit_image_check_type	24	static
image-fit.c:1527:5:fit_image_check_comp	24	static
image-fit.c:1547:5:fit_check_format	16	static
image-fit.c:1616:5:fit_conf_find_compat	72	static
image-fit.c:1717:5:fit_conf_get_node	32	static
image-fit.c:1770:5:fit_conf_get_prop_node_count	8	static
image-fit.c:1776:5:fit_conf_get_prop_node_index	32	static
image-fit.c:1790:5:fit_conf_get_prop_node	8	static
image-fit.c:1812:5:fit_get_node_from_config	16	static
image-fit.c:1872:5:fit_image_load	104	static
image-fit.c:2127:5:boot_get_setup_fit	56	static
image-fit.c:2148:5:boot_get_fdt_fit	120	static
