image.c:593:12:on_loadaddr	8	static
image.c:228:5:image_check_hcrc	80	static
image.c:243:5:image_check_dcrc	24	static
image.c:265:7:image_multi_count	0	static
image.c:298:6:image_multi_getimg	40	static
image.c:423:5:image_decomp_type	16	static
image.c:609:7:env_get_bootm_low	8	static
image.c:626:13:env_get_bootm_size	24	static
image.c:654:13:env_get_bootm_mapsize	8	static
image.c:670:6:memmove_wd	8	static
image.c:705:6:genimg_print_size	16	static
image.c:733:22:get_table_entry	0	static
image.c:854:20:genimg_get_short_name	8	static
image.c:764:13:genimg_get_cat_name	24	static
image.c:788:13:genimg_get_cat_short_name	24	static
image.c:802:5:genimg_get_cat_count	0	static
image.c:807:13:genimg_get_cat_desc	0	static
image.c:826:7:get_table_entry_name	16	static
image.c:838:13:genimg_get_os_name	8	static
image.c:843:13:genimg_get_arch_name	8	static
image.c:849:13:genimg_get_type_name	8	static
image.c:438:5:image_decomp	24	static
image.c:866:13:genimg_get_type_short_name	8	static
image.c:871:13:genimg_get_comp_name	8	static
image.c:358:6:image_print_contents	48	static
image.c:877:13:genimg_get_comp_short_name	8	static
image.c:882:13:genimg_get_os_short_name	8	static
image.c:887:13:genimg_get_arch_short_name	8	static
image.c:906:5:get_table_entry_id	16	static
image.c:924:5:genimg_get_os_id	8	static
image.c:929:5:genimg_get_arch_id	8	static
image.c:934:5:genimg_get_type_id	8	static
image.c:939:5:genimg_get_comp_id	8	static
image.c:960:7:genimg_get_kernel_addr_fit	32	static
image.c:994:7:genimg_get_kernel_addr	16	static
image.c:1017:5:genimg_get_format	16	static
image.c:1049:5:genimg_has_config	0	static
image.c:1080:5:boot_get_ramdisk	72	static
image.c:1289:5:boot_ramdisk_high	32	static
image.c:1364:5:boot_get_setup	16	static
image.c:1477:5:boot_get_loadable	96	static
image.c:1636:5:image_setup_linux	32	static
