usb.c:326:1:usb_set_maxpacket_ep	20	static
usb.c:208:5:usb_int_msg	24	static
usb.c:224:5:usb_control_msg	104	static
usb.c:566:12:usb_get_descriptor	40	static
usb.c:931:12:get_descriptor_len	576	static
usb.c:956:12:usb_setup_descriptor	24	static
usb.c:732:12:usb_get_string	56	static
usb.c:768:12:usb_string_sub	32	static
usb.c:276:5:usb_bulk_msg	24	static
usb.c:305:5:usb_maxpacket	0	static
usb.c:537:5:usb_clear_halt	48	static
usb.c:578:5:usb_get_configuration_len	96	static
usb.c:601:5:usb_get_configuration_no	24	static
usb.c:631:5:usb_set_interface	48	static
usb.c:689:5:usb_set_protocol	40	static
usb.c:699:5:usb_set_idle	40	static
usb.c:709:5:usb_get_report	40	static
usb.c:721:5:usb_get_class_descriptor	40	static
usb.c:808:5:usb_string	576	static
usb.c:1080:5:usb_select_config	72	static
usb.c:1163:5:usb_setup_device	56	static
usb.c:1217:5:board_usb_init	0	static
usb.c:1223:5:board_usb_cleanup	0	static
usb.c:1228:6:usb_device_has_child_on_port	0	static
usb.c:1238:6:usb_find_usb2_hub_address_port	24	static
