device.c:700:24:_device_find_global_by_ofnode	24	static
device.c:36:12:device_bind_common.isra.0	48	static
device.c:270:14:alloc_priv	16	static
device.c:225:5:device_bind_with_driver_data	32	static
device.c:234:5:device_bind	32	static
device.c:242:5:device_bind_ofnode	32	static
device.c:250:5:device_bind_by_name	40	static
device.c:314:5:device_ofdata_to_platdata	24	static
device.c:396:5:device_probe	24	static
device.c:566:12:device_get_device_tail.part.0	16	static
device.c:506:7:dev_get_platdata	16	static
device.c:516:7:dev_get_parent_platdata	16	static
device.c:526:7:dev_get_uclass_platdata	16	static
device.c:536:7:dev_get_priv	16	static
device.c:546:7:dev_get_uclass_priv	16	static
device.c:556:7:dev_get_parent_priv	16	static
device.c:610:5:device_get_child	16	static
device.c:623:5:device_get_child_count	0	static
device.c:634:5:device_find_child_by_seq	16	static
device.c:654:5:device_get_child_by_seq	32	static
device.c:672:5:device_find_child_by_of_offset	12	static
device.c:689:5:device_get_child_by_of_offset	24	static
device.c:717:5:device_find_global_by_ofnode	16	static
device.c:724:5:device_get_global_by_ofnode	16	static
device.c:732:5:device_find_first_child	0	static
device.c:744:5:device_find_next_child	0	static
device.c:759:5:device_find_first_inactive_child	20	static
device.c:777:5:device_find_first_child_by_uclass	12	static
device.c:794:5:device_find_child_by_name	24	static
device.c:811:5:device_first_child_err	24	static
device.c:822:5:device_next_child_err	24	static
device.c:833:5:device_first_child_ofdata_err	24	static
device.c:851:5:device_next_child_ofdata_err	24	static
device.c:869:17:dev_get_parent	0	static
device.c:874:7:dev_get_driver_data	0	static
device.c:879:13:dev_get_driver_ops	0	static
device.c:887:16:device_get_uclass_id	0	static
device.c:892:13:dev_get_uclass_name	0	static
device.c:900:6:device_has_children	0	static
device.c:905:6:device_has_active_children	24	static
device.c:919:6:device_is_last_sibling	0	static
device.c:928:6:device_set_name_alloced	0	static
device.c:933:5:device_set_name	16	static
device.c:945:6:device_is_compatible	8	static
device.c:950:6:of_machine_is_compatible	8	static
device.c:957:5:dev_disable_by_path	8	static
device.c:987:5:dev_enable_by_path	8	static
