ofnode.c:33:5:ofnode_read_u32_index	32	static
ofnode.c:20:5:ofnode_read_u32	8	static
ofnode.c:25:5:ofnode_read_u32_default	16	static
ofnode.c:64:5:ofnode_read_u32_index_default	24	static
ofnode.c:73:5:ofnode_read_s32_default	16	static
ofnode.c:81:5:ofnode_read_u64	32	static
ofnode.c:105:5:ofnode_read_u64_default	24	static
ofnode.c:127:13:ofnode_read_prop	24	static
ofnode.c:159:13:ofnode_read_string	24	static
ofnode.c:177:5:ofnode_read_size	16	static
ofnode.c:187:8:ofnode_find_subnode	8	static
ofnode.c:213:5:ofnode_read_u32_array	24	static
ofnode.c:489:12:decode_timing_property	24	static
ofnode.c:229:8:ofnode_first_subnode	8	static
ofnode.c:239:8:ofnode_next_subnode	8	static
ofnode.c:249:8:ofnode_get_parent	8	static
ofnode.c:263:13:ofnode_get_name	8	static
ofnode.c:276:8:ofnode_get_by_phandle	8	static
ofnode.c:336:5:ofnode_stringlist_search	16	static
ofnode.c:357:5:ofnode_read_string_index	32	static
ofnode.c:374:5:ofnode_read_string_count	8	static
ofnode.c:402:5:ofnode_parse_phandle_with_args	112	static
ofnode.c:433:5:ofnode_count_phandle_with_args	32	static
ofnode.c:445:8:ofnode_path	8	static
ofnode.c:453:13:ofnode_read_chosen_prop	16	static
ofnode.c:462:13:ofnode_read_chosen_string	8	static
ofnode.c:467:8:ofnode_get_chosen_node	8	static
ofnode.c:478:5:ofnode_get_child_count	16	static
ofnode.c:577:13:ofnode_get_property	16	static
ofnode.c:113:6:ofnode_read_bool	8	static
ofnode.c:512:5:ofnode_decode_display_timing	24	static
ofnode.c:586:5:ofnode_get_first_property	16	static
ofnode.c:605:5:ofnode_get_next_property	16	static
ofnode.c:622:13:ofnode_get_property_by_prop	16	static
ofnode.c:634:6:ofnode_is_available	8	static
ofnode.c:643:12:ofnode_get_addr_size	16	static
ofnode.c:669:16:ofnode_read_u8_array_ptr	16	static
ofnode.c:687:5:ofnode_read_pci_addr	40	static
ofnode.c:741:5:ofnode_read_pci_vendev	40	static
ofnode.c:777:5:ofnode_read_addr_cells	8	static
ofnode.c:785:5:ofnode_read_size_cells	8	static
ofnode.c:289:12:ofnode_get_addr_size_index	40	static
ofnode.c:324:12:ofnode_get_addr_index	16	static
ofnode.c:331:12:ofnode_get_addr	8	static
ofnode.c:793:5:ofnode_read_simple_addr_cells	8	static
ofnode.c:801:5:ofnode_read_simple_size_cells	8	static
ofnode.c:809:6:ofnode_pre_reloc	16	static
ofnode.c:835:5:ofnode_read_resource	40	static
ofnode.c:855:5:ofnode_read_resource_byname	16	static
ofnode.c:867:5:ofnode_translate_address	8	static
ofnode.c:875:5:ofnode_translate_dma_address	8	static
ofnode.c:883:5:ofnode_device_is_compatible	8	static
ofnode.c:894:8:ofnode_by_compatible	8	static
ofnode.c:906:8:ofnode_by_prop_value	24	static
ofnode.c:920:5:ofnode_write_prop	0	static
ofnode.c:967:5:ofnode_write_string	0	static
ofnode.c:979:5:ofnode_set_enabled	0	static
