uclass.c:25:16:uclass_find	12	static
uclass.c:107:5:uclass_destroy	16	static
uclass.c:141:5:uclass_get	24	static
uclass.c:154:13:uclass_get_name	16	static
uclass.c:163:16:uclass_get_by_name	16	static
uclass.c:177:5:dev_get_uclass_index	20	static
uclass.c:198:5:uclass_find_device	32	static
uclass.c:221:5:uclass_find_first_device	24	static
uclass.c:238:5:uclass_find_next_device	0	static
uclass.c:251:5:uclass_find_device_by_name	32	static
uclass.c:275:5:uclass_find_next_free_req_seq	24	static
uclass.c:297:5:uclass_find_device_by_seq	32	static
uclass.c:327:5:uclass_find_device_by_of_offset	32	static
uclass.c:351:5:uclass_find_device_by_ofnode	32	static
uclass.c:383:5:uclass_find_device_by_phandle	32	static
uclass.c:414:5:uclass_get_device_by_driver	32	static
uclass.c:434:5:uclass_get_device_tail	16	static
uclass.c:449:5:uclass_get_device	24	static
uclass.c:459:5:uclass_get_device_by_name	24	static
uclass.c:470:5:uclass_get_device_by_seq	32	static
uclass.c:487:5:uclass_get_device_by_of_offset	24	static
uclass.c:498:5:uclass_get_device_by_ofnode	24	static
uclass.c:514:5:uclass_get_device_by_phandle_id	32	static
uclass.c:540:5:uclass_get_device_by_phandle	24	static
uclass.c:552:5:uclass_first_device	24	static
uclass.c:564:5:uclass_first_device_err	16	static
uclass.c:577:5:uclass_next_device	24	static
uclass.c:589:5:uclass_next_device_err	16	static
uclass.c:602:5:uclass_first_device_check	16	static
uclass.c:616:5:uclass_next_device_check	16	static
uclass.c:629:5:uclass_first_device_drvdata	32	static
uclass.c:646:5:uclass_bind_device	16	static
uclass.c:673:5:uclass_unbind_device	16	static
uclass.c:690:5:uclass_resolve_seq	24	static
uclass.c:721:5:uclass_pre_probe_device	16	static
uclass.c:745:5:uclass_post_probe_device	16	static
uclass.c:770:5:uclass_pre_remove_device	8	static
