f_mass_storage.c:463:13:raise_exception	8	static
f_mass_storage.c:477:12:ep0_queue	8	static
f_mass_storage.c:496:13:bulk_in_complete	16	static
f_mass_storage.c:513:13:bulk_out_complete	16	static
f_mass_storage.c:2268:12:fsg_set_alt	8	static
f_mass_storage.c:2276:13:fsg_disable	8	static
f_mass_storage.c:536:12:fsg_setup	16	static
f_mass_storage.c:2640:13:fsg_unbind	8	static
storage_common.c:599:13:store_cdrom_address	16	static
f_mass_storage.c:439:12:fsg_set_halt.isra.0	8	static
f_mass_storage.c:590:13:start_transfer.isra.0	16	static
f_mass_storage.c:1385:12:halt_bulk_in_endpoint.isra.0	8	static
f_mass_storage.c:654:12:sleep_thread.isra.0	16	static
f_mass_storage.c:690:12:do_read	48	static
f_mass_storage.c:1604:12:send_status	16	static
f_mass_storage.c:817:12:do_write	80	static
f_mass_storage.c:1664:12:check_command.isra.0	48	static
f_mass_storage.c:1236:12:do_mode_sense.isra.0	48	static
f_mass_storage.c:2749:5:fsg_add	48	static
f_mass_storage.c:2177:12:do_set_interface	32	static
f_mass_storage.c:2393:5:fsg_main_thread	72	static
f_mass_storage.c:2604:1:usb_copy_descriptors	24	static
f_mass_storage.c:2655:12:fsg_bind	24	static
f_mass_storage.c:2767:5:fsg_init	0	static
