composite.c:257:12:count_configs	20	static
composite.c:494:13:collect_langs	16	static
composite.c:696:13:composite_setup_complete	0	static
composite.c:1094:1:composite_suspend	16	static
composite.c:1113:1:composite_resume	16	static
g_dnl.c:101:12:g_dnl_unbind	8	static
composite.c:514:12:lookup_string	24	static
composite.c:997:13:composite_unbind	24	static
composite.c:1048:12:composite_bind	24	static
g_dnl.c:124:12:g_dnl_do_config	24	static
composite.c:301:13:reset_config.isra.0	16	static
composite.c:987:13:composite_disconnect	16	static
composite.c:764:1:composite_setup	48	static
composite.c:42:5:usb_add_function	16	static
composite.c:97:5:usb_function_deactivate	16	static
composite.c:120:5:usb_function_activate	8	static
composite.c:159:5:usb_interface_id	8	static
composite.c:426:5:usb_add_config	24	static
composite.c:621:5:usb_string_id	0	static
composite.c:651:5:usb_string_ids_tab	0	static
composite.c:685:5:usb_string_ids_n	0	static
composite.c:1160:5:usb_composite_register	16	static
composite.c:1185:6:usb_composite_unregister	16	static
g_dnl.c:51:6:g_dnl_set_serialnumber	16	static
g_dnl.c:220:12:on_serialno	8	static
g_dnl.c:93:6:g_dnl_set_product	0	static
g_dnl.c:159:5:board_usb_init	0	static
g_dnl.c:165:5:board_usb_cleanup	0	static
g_dnl.c:171:5:g_dnl_bind_fixup	0	static
g_dnl.c:176:12:g_dnl_get_board_bcd_device_number	0	static
g_dnl.c:228:12:g_dnl_bind	24	static
g_dnl.c:181:12:g_dnl_board_usb_cable_connected	0	static
g_dnl.c:188:6:g_dnl_detach	0	static
g_dnl.c:193:6:g_dnl_trigger_detach	0	static
g_dnl.c:198:6:g_dnl_clear_detach	0	static
g_dnl.c:299:5:g_dnl_register	16	static
g_dnl.c:314:6:g_dnl_unregister	8	static
