fdtdec.c:614:20:get_prop_check_min_len	24	static
fdtdec.c:79:13:fdtdec_get_compatible	0	static
fdtdec.c:247:10:fdtdec_get_uint64	32	static
fdtdec.c:260:5:fdtdec_get_is_enabled	8	static
fdtdec.c:1065:12:get_next_memory_node	32	static
fdtdec.c:277:20:fdtdec_lookup	24	static
fdtdec.c:289:5:fdtdec_next_compatible	8	static
fdtdec.c:294:5:fdtdec_next_compatible_subnode	24	static
fdtdec.c:309:5:fdtdec_next_alias	72	static
fdtdec.c:341:5:fdtdec_add_aliases_for_id	56	dynamic
fdtdec.c:331:5:fdtdec_find_aliases_for_id	32	static
fdtdec.c:456:5:fdtdec_get_alias_seq	56	static
fdtdec.c:498:5:fdtdec_get_alias_highest_id	40	static
fdtdec.c:531:13:fdtdec_get_chosen_prop	16	static
fdtdec.c:541:5:fdtdec_get_chosen_node	16	static
fdtdec.c:568:5:fdtdec_prepare_fdt	8	static
fdtdec.c:551:5:fdtdec_check_fdt	8	static
fdtdec.c:589:5:fdtdec_lookup_phandle	16	static
fdtdec.c:632:5:fdtdec_get_int_array	48	static
fdtdec.c:941:12:decode_timing_property	40	static
fdtdec.c:650:5:fdtdec_get_int_array_count	40	static
fdtdec.c:670:12:fdtdec_locate_array	32	static
fdtdec.c:681:5:fdtdec_get_bool	16	static
fdtdec.c:691:5:fdtdec_parse_phandle_with_args	48	static
fdtdec.c:815:5:fdtdec_get_byte_array	32	static
fdtdec.c:827:11:fdtdec_locate_byte_array	32	static
fdtdec.c:839:5:fdtdec_get_config_int	24	static
fdtdec.c:851:5:fdtdec_get_config_bool	16	static
fdtdec.c:865:7:fdtdec_get_config_string	24	static
fdtdec.c:883:5:fdtdec_get_number	20	static
fdtdec.c:86:12:fdtdec_get_addr_size_fixed	32	static
fdtdec.c:132:12:fdtdec_get_addr_size_auto_parent	48	static
fdtdec.c:159:12:fdtdec_get_addr_size_auto_noparent	48	static
fdtdec.c:178:12:fdtdec_get_addr_size	32	static
fdtdec.c:188:12:fdtdec_get_addr	8	static
fdtdec.c:893:5:fdt_get_resource	40	static
fdtdec.c:928:5:fdt_get_named_resource	32	static
fdtdec.c:965:5:fdtdec_decode_display_timing	32	static
fdtdec.c:1033:5:fdtdec_setup_mem_size_base_fdt	32	static
fdtdec.c:1058:5:fdtdec_setup_mem_size_base	8	static
fdtdec.c:1075:5:fdtdec_setup_memory_banksize_fdt	40	static
fdtdec.c:1115:5:fdtdec_setup_memory_banksize	8	static
fdtdec.c:1189:14:board_fdt_blob_setup	0	static
fdtdec.c:1206:5:fdtdec_set_ethernet_mac_address	32	static
fdtdec.c:1267:5:fdtdec_add_reserved_memory	136	static
fdtdec.c:1374:5:fdtdec_get_carveout	40	static
fdtdec.c:1423:5:fdtdec_set_carveout	56	static
fdtdec.c:1477:12:fdtdec_board_setup	0	static
fdtdec.c:1482:5:fdtdec_setup	16	static
fdtdec.c:1582:5:fdtdec_decode_ram_size	56	static
