vsprintf.c:54:14:put_dec_trunc	32	static
vsprintf.c:132:23:put_dec	48	static
vsprintf.c:161:14:number	128	static
vsprintf.c:260:14:string	24	static
vsprintf.c:510:12:vsnprintf_internal	128	static
vsprintf.c:715:5:vsnprintf	8	static
vsprintf.c:721:5:vscnprintf	8	static
vsprintf.c:734:5:snprintf	16	static
vsprintf.c:746:5:scnprintf	16	static
vsprintf.c:771:5:vsprintf	8	static
vsprintf.c:776:5:sprintf	12	static
vsprintf.c:788:5:printf	1040	static
vsprintf.c:811:5:vprintf	1032	static
vsprintf.c:831:7:simple_itoa	32	static
vsprintf.c:846:6:print_grouped_ull	48	static
vsprintf.c:861:6:str2off	24	static
vsprintf.c:869:6:str2long	24	static
vsprintf.c:877:7:strmhz	24	static
