gpio-uclass.c:500:12:_gpio_get_value	16	static
gpio-uclass.c:1144:12:gpio_post_bind	0	static
gpio-uclass.c:573:12:_dm_gpio_set_dir_flags	24	static
gpio-uclass.c:734:12:get_function	24	static
gpio-uclass.c:50:12:gpio_to_device	24	static
gpio-uclass.c:433:12:check_reserved	24	static
gpio-uclass.c:1067:12:gpio_renumber	40	static
gpio-uclass.c:1115:12:gpio_pre_remove	24	static
gpio-uclass.c:1104:12:gpio_post_probe	16	static
gpio-uclass.c:71:5:dm_gpio_lookup_name	40	static
gpio-uclass.c:109:5:gpio_lookup_name	48	static
gpio-uclass.c:134:5:gpio_xlate_offs_flags	0	static
gpio-uclass.c:298:5:gpio_hog_lookup_name	0	static
gpio-uclass.c:304:5:dm_gpio_request	32	static
gpio-uclass.c:329:12:dm_gpio_requestf	60	static
gpio-uclass.c:356:5:gpio_request	32	static
gpio-uclass.c:378:5:gpio_requestf	60	static
gpio-uclass.c:393:5:_dm_gpio_free	24	static
gpio-uclass.c:421:5:gpio_free	24	static
gpio-uclass.c:460:5:gpio_direction_input	24	static
gpio-uclass.c:484:5:gpio_direction_output	32	static
gpio-uclass.c:509:5:dm_gpio_get_value	16	static
gpio-uclass.c:520:5:dm_gpio_set_value	24	static
gpio-uclass.c:610:5:dm_gpio_set_dir_flags	16	static
gpio-uclass.c:913:12:gpio_request_tail	40	static
gpio-uclass.c:956:12:_gpio_request_by_name_nodev	136	static
gpio-uclass.c:625:5:dm_gpio_set_dir	16	static
gpio-uclass.c:636:5:dm_gpio_get_dir_flags	40	static
gpio-uclass.c:682:5:gpio_get_value	24	static
gpio-uclass.c:703:5:gpio_set_value	32	static
gpio-uclass.c:714:13:gpio_get_bank_info	16	static
gpio-uclass.c:763:5:gpio_get_function	8	static
gpio-uclass.c:768:5:gpio_get_raw_function	8	static
gpio-uclass.c:773:5:gpio_get_status	64	static
gpio-uclass.c:812:5:gpio_claim_vector	32	static
gpio-uclass.c:843:5:gpio_get_values_as_int	24	static
gpio-uclass.c:863:5:dm_gpio_get_values_as_int	32	static
gpio-uclass.c:970:5:gpio_request_by_name_nodev	24	static
gpio-uclass.c:977:5:gpio_request_by_name	128	static
gpio-uclass.c:1029:5:gpio_get_list_count	32	static
gpio-uclass.c:1044:5:dm_gpio_free	8	static
gpio-uclass.c:1050:5:gpio_free_list	32	static
gpio-uclass.c:1061:5:gpio_free_list_nodev	8	static
gpio-uclass.c:991:5:gpio_request_list_by_name_nodev	40	static
gpio-uclass.c:1016:5:gpio_request_list_by_name	24	static
gpio-uclass.c:1092:5:gpio_get_number	0	static
gpio-uclass.c:1129:5:gpio_dev_request_index	112	static
