fat.c:31:13:downcase	12	static
fat.c:472:13:mkcksum	8	static
fat.c:730:13:fat_itr_child	16	static
fat.c:46:12:disk_read	16	static
fat.c:249:1:get_cluster	40	dynamic
fat.c:490:1:read_bootsectandvi	24	static
fat.c:696:12:fat_itr_root	136	static
fat_write.c:1001:12:split_filename	32	static
fat_write.c:33:12:disk_write	16	static
fat_write.c:108:12:flush_dirty_fat_buffer	24	static
fat.c:164:14:get_fatent	40	static
fat.c:821:19:next_dent	16	static
fat_write.c:267:12:set_fatent_value	40	static
fat_write.c:374:14:determine_fatent	16	static
fat_write.c:662:12:clear_fatent	16	static
fat_write.c:56:13:set_name	288	static
fat_write.c:405:1:set_sectors.isra.0	40	dynamic
fat_write.c:1057:12:normalize_longname	40	static
fat.c:905:12:fat_itr_next	48	static
fat.c:1001:12:fat_itr_resolve	32	static
fat_write.c:475:1:flush_dir	16	static
fat_write.c:629:12:new_dir_table	24	static
fat_write.c:223:1:fill_dir_slot	680	static
fat_write.c:970:19:find_directory_entry	16	static
fat_write.c:726:1:set_contents	144	static
fat.c:61:5:fat_set_blk_dev	24	dynamic
fat.c:90:5:fat_register_device	136	static
fat.c:1078:5:file_fat_detectfs	128	static
fat.c:1140:5:fat_exists	64	static
fat.c:1160:5:fat_size	72	static
fat.c:1197:5:file_fat_read_at	120	static
fat.c:1229:5:file_fat_read	40	static
fat.c:1241:5:fat_read_file	48	static
fat.c:1260:5:fat_opendir	32	static
fat.c:1288:5:fat_readdir	16	static
fat.c:1311:6:fat_closedir	8	static
fat.c:1318:6:fat_close	0	static
fat_write.c:1077:5:file_fat_write_at	376	static
fat_write.c:1216:5:file_fat_write	40	static
fat_write.c:1288:5:fat_unlink	136	static
fat_write.c:1359:5:fat_mkdir	384	static
