spi-uclass.c:198:12:spi_child_pre_probe	16	static
spi-uclass.c:165:12:spi_post_probe	16	static
spi-uclass.c:48:5:dm_spi_claim_bus	40	static
spi-uclass.c:76:6:dm_spi_release_bus	8	static
spi-uclass.c:85:5:dm_spi_xfer	24	static
spi-uclass.c:99:5:dm_spi_get_mmap	16	static
spi-uclass.c:113:5:spi_claim_bus	8	static
spi-uclass.c:118:6:spi_release_bus	8	static
spi-uclass.c:123:5:spi_xfer	24	static
spi-uclass.c:129:5:spi_write_then_read	32	static
spi-uclass.c:219:5:spi_chip_select	8	static
spi-uclass.c:226:5:spi_find_chip_select	32	static
spi-uclass.c:285:5:spi_cs_info	24	static
spi-uclass.c:270:5:spi_cs_is_valid	24	static
spi-uclass.c:299:5:spi_find_bus_and_cs	32	static
spi-uclass.c:321:5:spi_get_bus_and_cs	40	static
spi-uclass.c:413:19:spi_setup_slave	40	static
spi-uclass.c:428:6:spi_free_slave	16	static
spi-uclass.c:434:5:spi_slave_ofdata_to_platdata	24	static
spi-uclass.c:154:12:spi_child_post_bind	16	static
