serial_ns16550.c:117:13:_serial_putc	16	static
serial_ns16550.c:182:1:eserial1_putc	8	static
serial_ns16550.c:187:1:eserial2_putc	8	static
serial_ns16550.c:192:1:eserial3_putc	8	static
serial_ns16550.c:197:1:eserial4_putc	8	static
serial_ns16550.c:202:1:eserial5_putc	8	static
serial_ns16550.c:125:13:_serial_puts	16	static
serial_ns16550.c:182:1:eserial1_puts	8	static
serial_ns16550.c:187:1:eserial2_puts	8	static
serial_ns16550.c:192:1:eserial3_puts	8	static
serial_ns16550.c:197:1:eserial4_puts	8	static
serial_ns16550.c:202:1:eserial5_puts	8	static
serial_ns16550.c:197:1:eserial4_tstc	8	static
serial_ns16550.c:202:1:eserial5_getc	8	static
serial_ns16550.c:142:13:_serial_setbrg	16	static
serial_ns16550.c:182:1:eserial1_setbrg	8	static
serial_ns16550.c:187:1:eserial2_setbrg	8	static
serial_ns16550.c:192:1:eserial3_setbrg	8	static
serial_ns16550.c:197:1:eserial4_setbrg	8	static
serial_ns16550.c:202:1:eserial5_setbrg	8	static
serial_ns16550.c:182:1:eserial1_init	16	static
serial_ns16550.c:187:1:eserial2_init	16	static
serial_ns16550.c:192:1:eserial3_init	16	static
serial_ns16550.c:197:1:eserial4_init	16	static
serial_ns16550.c:202:1:eserial5_init	16	static
serial_ns16550.c:202:1:eserial5_tstc	8	static
serial_ns16550.c:182:1:eserial1_getc	8	static
serial_ns16550.c:182:1:eserial1_tstc	8	static
serial_ns16550.c:187:1:eserial2_getc	8	static
serial_ns16550.c:187:1:eserial2_tstc	8	static
serial_ns16550.c:192:1:eserial3_getc	8	static
serial_ns16550.c:192:1:eserial3_tstc	8	static
serial_ns16550.c:197:1:eserial4_getc	8	static
serial_ns16550.c:212:30:default_serial_console	0	static
serial_ns16550.c:231:6:ns16550_serial_initialize	8	static
