serial.c:188:12:serial_stub_start	8	static
serial.c:195:12:serial_stub_stop	8	static
serial.c:202:13:serial_stub_putc	8	static
serial.c:209:13:serial_stub_puts	8	static
serial.c:216:12:serial_stub_getc	8	static
serial.c:223:12:serial_stub_tstc	8	static
serial.c:317:30:get_current	8	static
serial.c:34:13:serial_null	0	static
serial.c:141:6:serial_register	0	static
serial.c:237:6:serial_stdio_init	96	static
serial.c:274:5:serial_assign	16	static
serial.c:173:6:serial_initialize	8	static
serial.c:294:6:serial_reinit_all	16	static
serial.c:351:5:serial_init	8	static
serial.c:367:6:serial_setbrg	8	static
serial.c:383:5:serial_getc	8	static
serial.c:398:5:serial_tstc	8	static
serial.c:414:6:serial_putc	16	static
serial.c:432:6:serial_puts	16	static
serial.c:449:6:default_serial_puts	16	static
