usb-uclass.c:415:12:usb_match_device	12	static
usb-uclass.c:722:12:usb_child_post_bind	16	static
usb-uclass.c:452:12:usb_match_one_id_intf.isra.0	12	static
usb-uclass.c:237:13:remove_inactive_children.isra.0	24	static
usb-uclass.c:26:5:usb_lock_async	8	static
usb-uclass.c:37:5:usb_disable_asynch	0	static
usb-uclass.c:45:5:submit_int_msg	40	static
usb-uclass.c:58:5:submit_control_msg	32	static
usb-uclass.c:81:5:submit_bulk_msg	24	static
usb-uclass.c:93:19:create_int_queue	40	static
usb-uclass.c:107:7:poll_int_queue	16	static
usb-uclass.c:118:5:destroy_int_queue	16	static
usb-uclass.c:129:5:usb_alloc_device	8	static
usb-uclass.c:141:5:usb_reset_root_port	8	static
usb-uclass.c:152:5:usb_update_hub_device	8	static
usb-uclass.c:163:5:usb_get_max_xfer_size	8	static
usb-uclass.c:174:5:usb_stop	32	static
usb-uclass.c:390:5:usb_setup_ehci_gadget	24	static
usb-uclass.c:682:5:usb_detect_change	40	static
usb-uclass.c:745:17:usb_get_bus	16	static
usb-uclass.c:593:5:usb_scan_device	2504	static
usb-uclass.c:216:13:usb_scan_bus.isra.0	24	static
usb-uclass.c:251:5:usb_init	32	static
usb-uclass.c:760:5:usb_child_pre_probe	24	static
