serial-uclass.c:178:13:_serial_putc	24	static
serial-uclass.c:197:12:__serial_getc	16	static
serial-uclass.c:211:12:__serial_tstc	8	static
serial-uclass.c:347:13:serial_stub_putc	8	static
serial-uclass.c:358:12:serial_stub_getc	8	static
serial-uclass.c:363:12:serial_stub_tstc	8	static
serial-uclass.c:492:12:serial_pre_remove	8	static
serial-uclass.c:431:12:serial_post_probe	104	static
serial-uclass.c:353:13:serial_stub_puts	16	static
serial-uclass.c:262:6:serial_putc	8	static
serial-uclass.c:268:6:serial_puts	16	static
serial-uclass.c:274:5:serial_getc	8	static
serial-uclass.c:282:5:serial_tstc	8	static
serial-uclass.c:290:6:serial_setbrg	8	static
serial-uclass.c:161:5:serial_init	32	static
serial-uclass.c:173:6:serial_initialize	8	static
serial-uclass.c:374:12:on_baudrate	24	static
serial-uclass.c:302:5:serial_getconfig	8	static
serial-uclass.c:313:5:serial_setconfig	8	static
serial-uclass.c:324:5:serial_getinfo	8	static
serial-uclass.c:340:6:serial_stdio_init	0	static
