nvedit.c:853:12:do_env_delete	24	static
nvedit.c:771:12:do_env_save	8	static
nvedit.c:1354:12:do_env	24	static
nvedit.c:95:12:env_print	56	static
nvedit.c:126:12:do_env_print	32	static
nvedit.c:1067:12:do_env_import	72	static
nvedit.c:815:12:do_env_default	24	static
nvedit.c:1285:12:do_env_exists	48	static
nvedit.c:228:12:_do_env_set.isra.0	72	static
nvedit.c:384:12:do_env_set	8	static
nvedit.c:84:5:env_get_id	0	static
nvedit.c:306:5:env_set	24	static
nvedit.c:327:5:env_set_ulong	16	static
nvedit.c:342:5:env_set_hex	40	static
nvedit.c:934:12:do_env_export	104	static
nvedit.c:799:5:env_match	24	static
nvedit.c:709:5:env_get_f	32	static
nvedit.c:668:7:env_get	56	static
nvedit.c:350:7:env_get_hex	24	static
nvedit.c:365:5:eth_env_get_enetaddr	16	static
nvedit.c:371:5:eth_env_set_enetaddr	40	static
nvedit.c:694:7:from_env	16	static
nvedit.c:758:7:env_get_ulong	16	static
nvedit.c:626:12:do_env_edit.part.0	1056	static
nvedit.c:626:12:do_env_edit	8	static
