pxe_utils.c:772:13:eol_or_eof	0	static
pxe_utils.c:296:13:label_print	8	static
pxe_utils.c:264:13:label_destroy	8	static
pxe_utils.c:657:14:get_string	40	static
pxe_utils.c:727:13:get_token	32	static
pxe_utils.c:789:12:parse_sliteral	24	static
pxe_utils.c:809:12:parse_integer	32	static
pxe_utils.c:116:12:get_relfile	568	static
pxe_utils.c:219:12:get_relfile_envaddr	24	static
pxe_utils.c:349:12:label_boot	2280	static
pxe_utils.c:43:5:format_mac_pxe	40	static
pxe_utils.c:154:5:get_pxe_file	16	static
pxe_utils.c:839:12:handle_include	48	static
pxe_utils.c:1092:12:parse_pxefile_top	88	static
pxe_utils.c:195:5:get_pxelinux_path	552	static
pxe_utils.c:1171:6:destroy_pxe_menu	16	static
pxe_utils.c:1200:18:parse_pxefile	24	static
pxe_utils.c:1309:6:handle_pxe_menu	64	static
