console.c:106:12:console_setfile	16	static
console.c:317:5:fgetc.part.0	24	static
console.c:391:5:getc	8	static
console.c:502:6:putc	8	static
console.c:550:6:puts	8	static
console.c:299:5:serial_printf	1048	static
console.c:317:5:fgetc	8	static
console.c:350:5:ftstc	8	static
console.c:419:5:tstc	8	static
console.c:358:6:fputc	8	static
console.c:364:6:fputs	8	static
console.c:370:5:fprintf	1052	static
console.c:644:5:ctrlc	8	static
console.c:663:5:confirm_yesno	32	static
console.c:690:5:disable_ctrlc	0	static
console.c:698:5:had_ctrlc	0	static
console.c:703:6:clear_ctrlc	0	static
console.c:710:19:search_device	16	static
console.c:726:5:console_assign	16	static
console.c:772:5:console_announce_r	216	static
console.c:786:5:console_init_f	4	static
console.c:797:6:stdio_print_current_devices	16	static
console.c:925:5:console_init_r	24	static
