clk-uclass.c:405:5:clk_request	8	static
clk-uclass.c:65:12:clk_get_by_index_tail.isra.0.part.0	24	static
clk-uclass.c:129:5:clk_get_by_index	96	static
clk-uclass.c:335:5:clk_get_by_name	16	static
clk-uclass.c:105:12:clk_get_by_indexed_prop.isra.0	96	static
clk-uclass.c:141:5:clk_get_by_index_nodev	96	static
clk-uclass.c:352:5:clk_get_by_name_nodev	16	static
clk-uclass.c:369:5:clk_get_optional_nodev	8	static
clk-uclass.c:422:5:clk_free	8	static
clk-uclass.c:437:7:clk_get_rate	8	static
clk-uclass.c:452:13:clk_get_parent	8	static
clk-uclass.c:469:11:clk_get_parent_rate	16	static
clk-uclass.c:493:7:clk_set_rate	8	static
clk-uclass.c:508:5:clk_set_parent	8	static
clk-uclass.c:311:5:clk_set_defaults	104	static
clk-uclass.c:731:5:clk_uclass_post_probe	8	static
clk-uclass.c:523:5:clk_enable	8	static
clk-uclass.c:570:5:clk_enable_bulk	16	static
clk-uclass.c:583:5:clk_disable	8	static
clk-uclass.c:380:5:clk_release_all	24	static
clk-uclass.c:153:5:clk_get_bulk	32	static
clk-uclass.c:631:5:clk_disable_bulk	16	static
clk-uclass.c:644:5:clk_get_by_id	32	static
clk-uclass.c:666:6:clk_is_match	8	static
clk-uclass.c:693:13:devm_clk_get	24	static
clk-uclass.c:710:13:devm_clk_get_optional	8	static
clk-uclass.c:720:6:devm_clk_put	0	static
