blk-uclass.c:173:12:get_desc	40	static
blk-uclass.c:645:12:blk_post_probe	8	static
blk-uclass.c:66:13:blk_get_if_type_name	0	static
blk-uclass.c:90:18:blk_get_devnum_by_typename	32	static
blk-uclass.c:147:18:blk_get_by_device	16	static
blk-uclass.c:218:5:blk_list_part	32	static
blk-uclass.c:243:5:blk_print_part_devnum	24	static
blk-uclass.c:258:6:blk_list_devices	24	static
blk-uclass.c:277:5:blk_print_device_num	24	static
blk-uclass.c:291:5:blk_show_device	24	static
blk-uclass.c:341:5:blk_select_hwpart	8	static
blk-uclass.c:353:5:blk_dselect_hwpart	8	static
blk-uclass.c:358:5:blk_first_device	24	static
blk-uclass.c:380:5:blk_next_device	24	static
blk-uclass.c:399:5:blk_find_device	40	static
blk-uclass.c:422:5:blk_get_device	16	static
blk-uclass.c:71:18:blk_get_devnum_by_type	16	static
blk-uclass.c:206:5:blk_select_hwpart_devnum	24	static
blk-uclass.c:433:15:blk_dread	48	static
blk-uclass.c:312:7:blk_read_devnum	24	static
blk-uclass.c:454:15:blk_dwrite	32	static
blk-uclass.c:329:7:blk_write_devnum	24	static
blk-uclass.c:467:15:blk_derase	24	static
blk-uclass.c:480:5:blk_get_from_parent	24	static
blk-uclass.c:506:5:blk_find_max_devnum	32	static
blk-uclass.c:526:5:blk_next_free_devnum	8	static
blk-uclass.c:564:5:blk_create_device	48	static
blk-uclass.c:597:5:blk_create_devicef	72	static
blk-uclass.c:620:5:blk_unbind_all	32	static
