string.c:31:5:strncasecmp	32	static
string.c:61:5:strcasecmp	8	static
string.c:74:8:strcpy	0	static
string.c:95:8:strncpy	8	static
string.c:137:8:strcat	8	static
string.c:160:8:strncat	20	static
string.c:185:5:strcmp	12	static
string.c:205:5:strncmp	16	static
string.c:225:8:strchr	0	static
string.c:234:13:strchrnul	0	static
string.c:264:8:strlen	0	static
string.c:118:8:strlcpy	32	static
string.c:248:8:strrchr	16	static
string.c:280:8:strnlen	0	static
string.c:297:8:strcspn	12	static
string.c:315:8:strdup	16	static
string.c:328:8:strndup	24	static
string.c:359:8:strspn	12	static
string.c:385:8:strpbrk	8	static
string.c:407:8:strtok	16	static
string.c:440:8:strsep	16	static
string.c:464:7:strswab	0	static
string.c:566:8:memmove	8	static
string.c:590:5:memcmp	16	static
string.c:612:8:memscan	0	static
string.c:632:8:strstr	32	static
string.c:660:7:memchr	8	static
string.c:692:7:memchr_inv	20	static
