musb_gadget.c:1030:12:musb_gadget_enable	40	static
musb_gadget.c:1530:12:musb_gadget_fifo_status	0	static
musb_gadget.c:1553:13:musb_gadget_fifo_flush	16	static
musb_gadget.c:1615:12:musb_gadget_get_frame	0	static
musb_gadget.c:1622:12:musb_gadget_wakeup	0	static
musb_gadget.c:1701:1:musb_gadget_set_self_powered	0	static
musb_gadget.c:1740:12:musb_gadget_vbus_draw	0	static
musb_gadget.c:317:13:txstate	24	static
musb_gadget.c:1266:21:musb_alloc_request	16	static
musb_gadget.c:1289:6:musb_free_request	8	static
musb_gadget.c:1783:12:musb_gadget_stop	8	static
musb_gadget.c:1827:1:init_peripheral_ep	32	static
musb_gadget.c:1974:5:musb_gadget_start	16	static
musb_gadget.c:1753:12:musb_gadget_pullup	12	static
musb_gadget.c:175:6:musb_g_giveback	16	static
musb_gadget.c:638:13:rxstate	32	static
musb_gadget.c:1374:12:musb_gadget_dequeue	16	static
musb_gadget.c:1215:12:musb_gadget_disable	16	static
musb_gadget.c:489:6:musb_g_tx	48	static
musb_gadget.c:908:6:musb_g_rx	16	static
musb_gadget.c:1306:6:musb_ep_restart	8	static
musb_gadget.c:1431:12:musb_gadget_set_halt	24	static
musb_gadget.c:1319:12:musb_gadget_queue	24	static
musb_gadget.c:1896:15:musb_gadget_setup	24	static
musb_gadget.c:1950:6:musb_gadget_cleanup	0	static
musb_gadget.c:2152:6:musb_g_resume	0	static
musb_gadget.c:2176:6:musb_g_suspend	0	static
musb_gadget.c:2208:6:musb_g_wakeup	0	static
musb_gadget.c:2214:6:musb_g_disconnect	16	static
musb_gadget.c:2260:6:musb_g_reset	24	static
