spl.c:62:13:show_boot_progress	0	static
spl.c:103:13:spl_perform_fixups	0	static
spl.c:107:6:spl_fixup_fdt	0	static
spl.c:136:7:spl_get_image_pos	0	static
spl.c:143:7:spl_get_image_size	0	static
spl.c:155:13:spl_board_prepare_for_linux	0	static
spl.c:160:13:spl_board_prepare_for_boot	0	static
spl.c:165:29:spl_get_load_buffer	0	static
spl.c:170:6:spl_set_header_raw_uboot	0	static
spl.c:263:12:spl_parse_legacy_header	0	static
spl.c:271:5:spl_parse_image_header	16	static
spl.c:330:24:jump_to_image_no_args	8	static
spl.c:446:6:spl_set_bd	4	static
spl.c:456:5:spl_early_init	16	static
spl.c:470:5:spl_init	8	static
spl.c:492:13:board_boot_order	16	static
spl.c:587:6:board_init_r	96	static
spl.c:740:6:preloader_console_init	8	static
spl.c:763:13:spl_relocate_stack_check	0	static
spl.c:799:7:spl_relocate_stack_gd	16	static
